============================================================
NovelForge ���ܲ���
============================================================

=== ���� 1: �������б� ===
Status: 200
Exception: 'list' object has no attribute 'get'

=== ���� 2: LLM �����б� ===
Status: 200
���� 3 �� LLM ����
  - ID 1: Dummy OpenAI GPT-3.5 (openai)
  - ID 2: gemini-3-flash (google)
  - ID 3: zhipu/glm-4.7 (openai_compatible)

=== ���� 3: ��Ŀ�б� ===
Status: 200
���� 2 ����Ŀ
  - ID 2: ����С˵

=== ���� 4: ��Ŀ 2 �Ŀ�Ƭ�б� ===
Status: 200
Exception: 'list' object has no attribute 'get'

============================================================
�������
============================================================
